// Jest Snapshot v1, https://goo.gl/fbAQLP

exports[`ManageWidgetsDialog renders successfully 1`] = `<DocumentFragment />`;
