// Jest Snapshot v1, https://goo.gl/fbAQLP

exports[`About renders successfully 1`] = `
<DocumentFragment>
  About page
</DocumentFragment>
`;
