// Jest Snapshot v1, https://goo.gl/fbAQLP

exports[`TodoListItem renders successfully 1`] = `
<DocumentFragment>
  <label
    class="MuiFormLabel-root MuiInputLabel-root MuiInputLabel-animated"
  >
    <span
      aria-disabled="false"
      class="MuiButtonBase-root MuiIconButton-root PrivateSwitchBase-root-1 MuiCheckbox-root MuiCheckbox-colorPrimary MuiIconButton-colorPrimary MuiIconButton-edgeStart"
    >
      <span
        class="MuiIconButton-label"
      >
        <input
          class="PrivateSwitchBase-input-4"
          data-indeterminate="false"
          type="checkbox"
          value=""
        />
        <svg
          aria-hidden="true"
          class="MuiSvgIcon-root"
          focusable="false"
          viewBox="0 0 24 24"
        >
          <path
            d="M19 5v14H5V5h14m0-2H5c-1.1 0-2 .9-2 2v14c0 1.1.9 2 2 2h14c1.1 0 2-.9 2-2V5c0-1.1-.9-2-2-2z"
          />
        </svg>
      </span>
    </span>
    <p
      class="MuiTypography-root todoText MuiTypography-body1 MuiTypography-colorPrimary MuiTypography-displayInline"
    />
    <button
      aria-label="delete"
      class="MuiButtonBase-root MuiIconButton-root"
      data-testid="removeTodoItem"
      tabindex="0"
      type="button"
    >
      <span
        class="MuiIconButton-label"
      >
        onClick=
        <svg
          aria-hidden="true"
          class="MuiSvgIcon-root MuiSvgIcon-fontSizeSmall"
          focusable="false"
          viewBox="0 0 24 24"
        >
          <path
            d="M6 19c0 1.1.9 2 2 2h8c1.1 0 2-.9 2-2V7H6v12zM19 4h-3.5l-1-1h-5l-1 1H5v2h14V4z"
          />
        </svg>
      </span>
      <span
        class="MuiTouchRipple-root"
      />
    </button>
  </label>
</DocumentFragment>
`;
