// Jest Snapshot v1, https://goo.gl/fbAQLP

exports[`TodoListItem renders successfully 1`] = `
<DocumentFragment>
  <li>
    <label
      class=""
    >
      <input
        type="checkbox"
      />
    </label>
  </li>
</DocumentFragment>
`;
