// Jest Snapshot v1, https://goo.gl/fbAQLP

exports[`WeatherWidget renders successfully 1`] = `
<DocumentFragment>
  <div
    class="MuiPaper-root MuiCard-root MuiPaper-elevation1 MuiPaper-rounded"
  >
    <div
      class="MuiCardContent-root"
    >
      <h1
        class="title"
      >
        Weather Widget
      </h1>
      <div
        class="MuiPaper-root MuiCard-root searchContainer MuiPaper-elevation1 MuiPaper-rounded"
      >
        <div
          class="MuiCardContent-root"
        >
          <div
            class="MuiFormControl-root MuiTextField-root"
          >
            <div
              class="MuiInputBase-root MuiOutlinedInput-root MuiInputBase-formControl MuiInputBase-marginDense MuiOutlinedInput-marginDense"
            >
              <input
                aria-invalid="false"
                class="MuiInputBase-input MuiOutlinedInput-input MuiInputBase-inputMarginDense MuiOutlinedInput-inputMarginDense"
                placeholder="add location here"
                type="text"
                value=""
              />
              <fieldset
                aria-hidden="true"
                class="PrivateNotchedOutline-root-1 MuiOutlinedInput-notchedOutline"
                style="padding-left: 8px;"
              >
                <legend
                  class="PrivateNotchedOutline-legend-2"
                  style="width: 0.01px;"
                >
                  <span>
                    â€‹
                  </span>
                </legend>
              </fieldset>
            </div>
          </div>
          <div
            class="MuiCardActions-root MuiCardActions-spacing"
          >
            <button
              class="MuiButtonBase-root MuiButton-root MuiButton-outlined MuiButton-outlinedPrimary Mui-disabled Mui-disabled"
              disabled=""
              tabindex="-1"
              type="button"
            >
              <span
                class="MuiButton-label"
              >
                Search
              </span>
            </button>
          </div>
        </div>
      </div>
      <h2
        class="title"
      >
        Locations
      </h2>
      <div
        class="MuiTableContainer-root tableContainer"
      >
        <table
          aria-label="a dense table"
          class="MuiTable-root"
        >
          <tbody
            class="MuiTableBody-root"
          />
        </table>
      </div>
    </div>
  </div>
</DocumentFragment>
`;
