// Jest Snapshot v1, https://goo.gl/fbAQLP

exports[`CryptoCurrencyTrackerWidgetInfo renders successfully 1`] = `<DocumentFragment />`;
