// Jest Snapshot v1, https://goo.gl/fbAQLP

exports[`CryptoCurrencyTable renders successfully 1`] = `<DocumentFragment />`;
