// Jest Snapshot v1, https://goo.gl/fbAQLP

exports[`WeatherWidgetSummary renders successfully 1`] = `<DocumentFragment />`;
