// Jest Snapshot v1, https://goo.gl/fbAQLP

exports[`CryptoCurrencyTableMobile renders successfully 1`] = `<DocumentFragment />`;
