// Jest Snapshot v1, https://goo.gl/fbAQLP

exports[`AddWidgetsDialog renders successfully 1`] = `<DocumentFragment />`;
